// Bun Snapshot v1, https://goo.gl/fbAQLP

exports[`App extracts multiple recipes from TJ's website 1`] = `
"{
    "url": "https://www.traderjoes.com/home/recipes/veggie-chickpea-hash",
    "title": "Veggie Chickpea Hash",
    "image": "https://www.traderjoes.com/content/dam/trjo/context-images/60205-greek-chickpeas-2-pdp.jpg/jcr:content/renditions/cq5dam.web.1280.1280.jpeg",
    "serves": "Serves 1-4",
    "time": "Time 25 mins"
}"
`;

exports[`App extracts multiple recipes from TJ's website 2`] = `
"{
    "url": "https://www.traderjoes.com/home/recipes/smoked-salmon-pasta-salad",
    "title": "Smoked Salmon Pasta Salad",
    "image": "https://www.traderjoes.com/content/dam/trjo/context-images/74547-org-striped-farfalline-pdp.jpg/jcr:content/renditions/cq5dam.web.1280.1280.jpeg",
    "serves": "Serves 4-6",
    "time": "Time 40 mins"
}"
`;

exports[`App edits ingredients from a recipe 1`] = `
"1 can TJ’s Greek Chickpeas with Parsley & Cumin
1 TJ’s Red Onion, chopped
1 TJ’s Red Bell Pepper, chopped
1 teaspoon TJ’s Smoked Paprika
A few shakes of TJ’s 21 Seasoning Salute
4 TJ’s Eggs Edit"
`;
